// Jest Snapshot v1, https://goo.gl/fbAQLP

exports[`getChunkModules should extend all the modules 1`] = `
Array [
  Object {
    "assets": Array [],
    "built": false,
    "cacheable": false,
    "chunks": Array [
      0,
      1,
    ],
    "cumulativeSize": 0,
    "errors": 0,
    "failed": false,
    "id": 2,
    "identifier": "",
    "index": 0,
    "index2": 0,
    "issuer": "",
    "issuerId": "",
    "loops": Array [],
    "name": "",
    "optional": false,
    "prefetched": false,
    "providedExports": null,
    "reasons": Array [],
    "requiredBy": Array [],
    "requiredByCount": 0,
    "requirements": Array [],
    "requirementsCount": 0,
    "size": 0,
    "usedExports": true,
    "warnings": 0,
  },
  Object {
    "assets": Array [],
    "built": false,
    "cacheable": false,
    "chunks": Array [
      1,
    ],
    "cumulativeSize": 0,
    "errors": 0,
    "failed": false,
    "id": 2,
    "identifier": "",
    "index": 0,
    "index2": 0,
    "issuer": "",
    "issuerId": "",
    "loops": Array [],
    "name": "",
    "optional": false,
    "prefetched": false,
    "providedExports": null,
    "reasons": Array [],
    "requiredBy": Array [],
    "requiredByCount": 0,
    "requirements": Array [],
    "requirementsCount": 0,
    "size": 0,
    "usedExports": true,
    "warnings": 0,
  },
]
`;
