// Jest Snapshot v1, https://goo.gl/fbAQLP

exports[`getModulesById should list all the chunks 1`] = `
Object {
  "1": Object {
    "assets": Array [],
    "built": false,
    "cacheable": false,
    "chunks": Array [],
    "cumulativeSize": 0,
    "errors": 0,
    "failed": false,
    "id": 1,
    "identifier": "",
    "index": 0,
    "index2": 0,
    "issuer": "",
    "issuerId": "",
    "loops": Array [],
    "name": "",
    "optional": false,
    "prefetched": false,
    "providedExports": null,
    "reasons": Array [],
    "requiredBy": Array [],
    "requiredByCount": 0,
    "requirements": Array [],
    "requirementsCount": 0,
    "size": 0,
    "usedExports": true,
    "warnings": 0,
  },
  "2": Object {
    "assets": Array [],
    "built": false,
    "cacheable": false,
    "chunks": Array [],
    "cumulativeSize": 0,
    "errors": 0,
    "failed": false,
    "id": 2,
    "identifier": "",
    "index": 0,
    "index2": 0,
    "issuer": "",
    "issuerId": "",
    "loops": Array [],
    "name": "",
    "optional": false,
    "prefetched": false,
    "providedExports": null,
    "reasons": Array [],
    "requiredBy": Array [],
    "requiredByCount": 0,
    "requirements": Array [],
    "requirementsCount": 0,
    "size": 0,
    "usedExports": true,
    "warnings": 0,
  },
}
`;
