// Jest Snapshot v1, https://goo.gl/fbAQLP

exports[`getModulesByChunk should list all the chunks 1`] = `
Array [
  "0",
  "1",
]
`;

exports[`getModulesByChunk should list all the chunks 2`] = `
Object {
  "0": Object {
    "id": 0,
    "length": 2,
    "modules": Array [
      Object {
        "assets": Array [],
        "built": false,
        "cacheable": false,
        "chunks": Array [
          0,
        ],
        "cumulativeSize": 0,
        "errors": 0,
        "failed": false,
        "id": 1,
        "identifier": "",
        "index": 0,
        "index2": 0,
        "issuer": "",
        "issuerId": "",
        "loops": Array [],
        "name": "",
        "optional": false,
        "prefetched": false,
        "providedExports": null,
        "reasons": Array [],
        "requiredBy": Array [],
        "requiredByCount": 0,
        "requirements": Array [],
        "requirementsCount": 0,
        "size": 0,
        "usedExports": true,
        "warnings": 0,
      },
      Object {
        "assets": Array [],
        "built": false,
        "cacheable": false,
        "chunks": Array [
          0,
          1,
        ],
        "cumulativeSize": 0,
        "errors": 0,
        "failed": false,
        "id": 2,
        "identifier": "",
        "index": 0,
        "index2": 0,
        "issuer": "",
        "issuerId": "",
        "loops": Array [],
        "name": "",
        "optional": false,
        "prefetched": false,
        "providedExports": null,
        "reasons": Array [],
        "requiredBy": Array [],
        "requiredByCount": 0,
        "requirements": Array [],
        "requirementsCount": 0,
        "size": 0,
        "usedExports": true,
        "warnings": 0,
      },
    ],
  },
  "1": Object {
    "id": 1,
    "length": 1,
    "modules": Array [
      Object {
        "assets": Array [],
        "built": false,
        "cacheable": false,
        "chunks": Array [
          0,
          1,
        ],
        "cumulativeSize": 0,
        "errors": 0,
        "failed": false,
        "id": 2,
        "identifier": "",
        "index": 0,
        "index2": 0,
        "issuer": "",
        "issuerId": "",
        "loops": Array [],
        "name": "",
        "optional": false,
        "prefetched": false,
        "providedExports": null,
        "reasons": Array [],
        "requiredBy": Array [],
        "requiredByCount": 0,
        "requirements": Array [],
        "requirementsCount": 0,
        "size": 0,
        "usedExports": true,
        "warnings": 0,
      },
    ],
  },
}
`;
